<?xml version="1.0" encoding="ISO-8859-1" ?>
<link_info>
   <banner>TI ARM Linker Unix v20.2.1.LTS</banner>
   <copyright>Copyright (c) 1996-2018 Texas Instruments Incorporated</copyright>
   <link_time>0x60a0e2e1</link_time>
   <link_errors>0x0</link_errors>
   <output_file>sending car.out</output_file>
   <entry_point>
      <name>_c_int00_noargs</name>
      <address>0x9e29</address>
   </entry_point>
   <input_file_list>
      <input_file id="fl-1">
         <path>./</path>
         <kind>object</kind>
         <file>Bluetooth.obj</file>
         <name>Bluetooth.obj</name>
      </input_file>
      <input_file id="fl-2">
         <path>./</path>
         <kind>object</kind>
         <file>GPIO_Driver.obj</file>
         <name>GPIO_Driver.obj</name>
      </input_file>
      <input_file id="fl-3">
         <path>./</path>
         <kind>object</kind>
         <file>HAL_WIFI.obj</file>
         <name>HAL_WIFI.obj</name>
      </input_file>
      <input_file id="fl-4">
         <path>./</path>
         <kind>object</kind>
         <file>PLL.obj</file>
         <name>PLL.obj</name>
      </input_file>
      <input_file id="fl-5">
         <path>./</path>
         <kind>object</kind>
         <file>PWM.obj</file>
         <name>PWM.obj</name>
      </input_file>
      <input_file id="fl-6">
         <path>./</path>
         <kind>object</kind>
         <file>Service_WIFI.obj</file>
         <name>Service_WIFI.obj</name>
      </input_file>
      <input_file id="fl-7">
         <path>./</path>
         <kind>object</kind>
         <file>Speed.obj</file>
         <name>Speed.obj</name>
      </input_file>
      <input_file id="fl-8">
         <path>./</path>
         <kind>object</kind>
         <file>Timer1.obj</file>
         <name>Timer1.obj</name>
      </input_file>
      <input_file id="fl-9">
         <path>./</path>
         <kind>object</kind>
         <file>UART.obj</file>
         <name>UART.obj</name>
      </input_file>
      <input_file id="fl-a">
         <path>./</path>
         <kind>object</kind>
         <file>UART3.obj</file>
         <name>UART3.obj</name>
      </input_file>
      <input_file id="fl-b">
         <path>./</path>
         <kind>object</kind>
         <file>UART7.obj</file>
         <name>UART7.obj</name>
      </input_file>
      <input_file id="fl-c">
         <path>./</path>
         <kind>object</kind>
         <file>Ultrasoinc_2.obj</file>
         <name>Ultrasoinc_2.obj</name>
      </input_file>
      <input_file id="fl-d">
         <path>./</path>
         <kind>object</kind>
         <file>gps.obj</file>
         <name>gps.obj</name>
      </input_file>
      <input_file id="fl-e">
         <path>./</path>
         <kind>object</kind>
         <file>heap_2.obj</file>
         <name>heap_2.obj</name>
      </input_file>
      <input_file id="fl-f">
         <path>./</path>
         <kind>object</kind>
         <file>lcd_8mode1.obj</file>
         <name>lcd_8mode1.obj</name>
      </input_file>
      <input_file id="fl-10">
         <path>./</path>
         <kind>object</kind>
         <file>list.obj</file>
         <name>list.obj</name>
      </input_file>
      <input_file id="fl-11">
         <path>./</path>
         <kind>object</kind>
         <file>main.obj</file>
         <name>main.obj</name>
      </input_file>
      <input_file id="fl-12">
         <path>./</path>
         <kind>object</kind>
         <file>motors.obj</file>
         <name>motors.obj</name>
      </input_file>
      <input_file id="fl-13">
         <path>./</path>
         <kind>object</kind>
         <file>port.obj</file>
         <name>port.obj</name>
      </input_file>
      <input_file id="fl-14">
         <path>./</path>
         <kind>object</kind>
         <file>portasm.obj</file>
         <name>portasm.obj</name>
      </input_file>
      <input_file id="fl-15">
         <path>./</path>
         <kind>object</kind>
         <file>queue.obj</file>
         <name>queue.obj</name>
      </input_file>
      <input_file id="fl-16">
         <path>./</path>
         <kind>object</kind>
         <file>tasks.obj</file>
         <name>tasks.obj</name>
      </input_file>
      <input_file id="fl-17">
         <path>./</path>
         <kind>object</kind>
         <file>timers.obj</file>
         <name>timers.obj</name>
      </input_file>
      <input_file id="fl-18">
         <path>./</path>
         <kind>object</kind>
         <file>tm4c1231h6pm_startup_ccs.obj</file>
         <name>tm4c1231h6pm_startup_ccs.obj</name>
      </input_file>
      <input_file id="fl-19">
         <path>./</path>
         <kind>object</kind>
         <file>uart2.obj</file>
         <name>uart2.obj</name>
      </input_file>
      <input_file id="fl-1d">
         <kind>object</kind>
         <file>&lt;internal&gt;</file>
         <name>&lt;internal&gt;</name>
      </input_file>
      <input_file id="fl-d3">
         <path>/home/ali/ti/ccs1011/ccs/tools/compiler/ti-cgt-arm_20.2.1.LTS/lib/</path>
         <kind>archive</kind>
         <file>rtsv7M4_T_le_v4SPD16_eabi.lib</file>
         <name>e_atan2.c.obj</name>
      </input_file>
      <input_file id="fl-d4">
         <path>/home/ali/ti/ccs1011/ccs/tools/compiler/ti-cgt-arm_20.2.1.LTS/lib/</path>
         <kind>archive</kind>
         <file>rtsv7M4_T_le_v4SPD16_eabi.lib</file>
         <name>e_sqrt.c.obj</name>
      </input_file>
      <input_file id="fl-d5">
         <path>/home/ali/ti/ccs1011/ccs/tools/compiler/ti-cgt-arm_20.2.1.LTS/lib/</path>
         <kind>archive</kind>
         <file>rtsv7M4_T_le_v4SPD16_eabi.lib</file>
         <name>s_atan.c.obj</name>
      </input_file>
      <input_file id="fl-d6">
         <path>/home/ali/ti/ccs1011/ccs/tools/compiler/ti-cgt-arm_20.2.1.LTS/lib/</path>
         <kind>archive</kind>
         <file>rtsv7M4_T_le_v4SPD16_eabi.lib</file>
         <name>s_cos.c.obj</name>
      </input_file>
      <input_file id="fl-d7">
         <path>/home/ali/ti/ccs1011/ccs/tools/compiler/ti-cgt-arm_20.2.1.LTS/lib/</path>
         <kind>archive</kind>
         <file>rtsv7M4_T_le_v4SPD16_eabi.lib</file>
         <name>s_sin.c.obj</name>
      </input_file>
      <input_file id="fl-d8">
         <path>/home/ali/ti/ccs1011/ccs/tools/compiler/ti-cgt-arm_20.2.1.LTS/lib/</path>
         <kind>archive</kind>
         <file>rtsv7M4_T_le_v4SPD16_eabi.lib</file>
         <name>memset_t2.asm.obj</name>
      </input_file>
      <input_file id="fl-d9">
         <path>/home/ali/ti/ccs1011/ccs/tools/compiler/ti-cgt-arm_20.2.1.LTS/lib/</path>
         <kind>archive</kind>
         <file>rtsv7M4_T_le_v4SPD16_eabi.lib</file>
         <name>fd_add_t2.asm.obj</name>
      </input_file>
      <input_file id="fl-da">
         <path>/home/ali/ti/ccs1011/ccs/tools/compiler/ti-cgt-arm_20.2.1.LTS/lib/</path>
         <kind>archive</kind>
         <file>rtsv7M4_T_le_v4SPD16_eabi.lib</file>
         <name>fd_cmp_t2.asm.obj</name>
      </input_file>
      <input_file id="fl-db">
         <path>/home/ali/ti/ccs1011/ccs/tools/compiler/ti-cgt-arm_20.2.1.LTS/lib/</path>
         <kind>archive</kind>
         <file>rtsv7M4_T_le_v4SPD16_eabi.lib</file>
         <name>fd_div_t2.asm.obj</name>
      </input_file>
      <input_file id="fl-dc">
         <path>/home/ali/ti/ccs1011/ccs/tools/compiler/ti-cgt-arm_20.2.1.LTS/lib/</path>
         <kind>archive</kind>
         <file>rtsv7M4_T_le_v4SPD16_eabi.lib</file>
         <name>fd_mul_t2.asm.obj</name>
      </input_file>
      <input_file id="fl-dd">
         <path>/home/ali/ti/ccs1011/ccs/tools/compiler/ti-cgt-arm_20.2.1.LTS/lib/</path>
         <kind>archive</kind>
         <file>rtsv7M4_T_le_v4SPD16_eabi.lib</file>
         <name>fd_toi_t2.asm.obj</name>
      </input_file>
      <input_file id="fl-de">
         <path>/home/ali/ti/ccs1011/ccs/tools/compiler/ti-cgt-arm_20.2.1.LTS/lib/</path>
         <kind>archive</kind>
         <file>rtsv7M4_T_le_v4SPD16_eabi.lib</file>
         <name>fd_tou_t2.asm.obj</name>
      </input_file>
      <input_file id="fl-df">
         <path>/home/ali/ti/ccs1011/ccs/tools/compiler/ti-cgt-arm_20.2.1.LTS/lib/</path>
         <kind>archive</kind>
         <file>rtsv7M4_T_le_v4SPD16_eabi.lib</file>
         <name>fs_tod_t2.asm.obj</name>
      </input_file>
      <input_file id="fl-e0">
         <path>/home/ali/ti/ccs1011/ccs/tools/compiler/ti-cgt-arm_20.2.1.LTS/lib/</path>
         <kind>archive</kind>
         <file>rtsv7M4_T_le_v4SPD16_eabi.lib</file>
         <name>i_tofd_t2.asm.obj</name>
      </input_file>
      <input_file id="fl-e1">
         <path>/home/ali/ti/ccs1011/ccs/tools/compiler/ti-cgt-arm_20.2.1.LTS/lib/</path>
         <kind>archive</kind>
         <file>rtsv7M4_T_le_v4SPD16_eabi.lib</file>
         <name>memcpy_t2.asm.obj</name>
      </input_file>
      <input_file id="fl-e2">
         <path>/home/ali/ti/ccs1011/ccs/tools/compiler/ti-cgt-arm_20.2.1.LTS/lib/</path>
         <kind>archive</kind>
         <file>rtsv7M4_T_le_v4SPD16_eabi.lib</file>
         <name>u_tofd_t2.asm.obj</name>
      </input_file>
      <input_file id="fl-e3">
         <path>/home/ali/ti/ccs1011/ccs/tools/compiler/ti-cgt-arm_20.2.1.LTS/lib/</path>
         <kind>archive</kind>
         <file>rtsv7M4_T_le_v4SPD16_eabi.lib</file>
         <name>copy_zero_init.c.obj</name>
      </input_file>
      <input_file id="fl-e4">
         <path>/home/ali/ti/ccs1011/ccs/tools/compiler/ti-cgt-arm_20.2.1.LTS/lib/</path>
         <kind>archive</kind>
         <file>rtsv7M4_T_le_v4SPD16_eabi.lib</file>
         <name>copy_decompress_none.c.obj</name>
      </input_file>
      <input_file id="fl-e5">
         <path>/home/ali/ti/ccs1011/ccs/tools/compiler/ti-cgt-arm_20.2.1.LTS/lib/</path>
         <kind>archive</kind>
         <file>rtsv7M4_T_le_v4SPD16_eabi.lib</file>
         <name>copy_decompress_lzss.c.obj</name>
      </input_file>
      <input_file id="fl-e6">
         <path>/home/ali/ti/ccs1011/ccs/tools/compiler/ti-cgt-arm_20.2.1.LTS/lib/</path>
         <kind>archive</kind>
         <file>rtsv7M4_T_le_v4SPD16_eabi.lib</file>
         <name>atof.c.obj</name>
      </input_file>
      <input_file id="fl-e7">
         <path>/home/ali/ti/ccs1011/ccs/tools/compiler/ti-cgt-arm_20.2.1.LTS/lib/</path>
         <kind>archive</kind>
         <file>rtsv7M4_T_le_v4SPD16_eabi.lib</file>
         <name>atoi.c.obj</name>
      </input_file>
      <input_file id="fl-e8">
         <path>/home/ali/ti/ccs1011/ccs/tools/compiler/ti-cgt-arm_20.2.1.LTS/lib/</path>
         <kind>archive</kind>
         <file>rtsv7M4_T_le_v4SPD16_eabi.lib</file>
         <name>ctype.c.obj</name>
      </input_file>
      <input_file id="fl-e9">
         <path>/home/ali/ti/ccs1011/ccs/tools/compiler/ti-cgt-arm_20.2.1.LTS/lib/</path>
         <kind>archive</kind>
         <file>rtsv7M4_T_le_v4SPD16_eabi.lib</file>
         <name>strcat.c.obj</name>
      </input_file>
      <input_file id="fl-ea">
         <path>/home/ali/ti/ccs1011/ccs/tools/compiler/ti-cgt-arm_20.2.1.LTS/lib/</path>
         <kind>archive</kind>
         <file>rtsv7M4_T_le_v4SPD16_eabi.lib</file>
         <name>strcmp.c.obj</name>
      </input_file>
      <input_file id="fl-eb">
         <path>/home/ali/ti/ccs1011/ccs/tools/compiler/ti-cgt-arm_20.2.1.LTS/lib/</path>
         <kind>archive</kind>
         <file>rtsv7M4_T_le_v4SPD16_eabi.lib</file>
         <name>strcpy.c.obj</name>
      </input_file>
      <input_file id="fl-ec">
         <path>/home/ali/ti/ccs1011/ccs/tools/compiler/ti-cgt-arm_20.2.1.LTS/lib/</path>
         <kind>archive</kind>
         <file>rtsv7M4_T_le_v4SPD16_eabi.lib</file>
         <name>strlen.c.obj</name>
      </input_file>
      <input_file id="fl-ed">
         <path>/home/ali/ti/ccs1011/ccs/tools/compiler/ti-cgt-arm_20.2.1.LTS/lib/</path>
         <kind>archive</kind>
         <file>rtsv7M4_T_le_v4SPD16_eabi.lib</file>
         <name>strtod.c.obj</name>
      </input_file>
      <input_file id="fl-ee">
         <path>/home/ali/ti/ccs1011/ccs/tools/compiler/ti-cgt-arm_20.2.1.LTS/lib/</path>
         <kind>archive</kind>
         <file>rtsv7M4_T_le_v4SPD16_eabi.lib</file>
         <name>k_rem_pio2.c.obj</name>
      </input_file>
      <input_file id="fl-ef">
         <path>/home/ali/ti/ccs1011/ccs/tools/compiler/ti-cgt-arm_20.2.1.LTS/lib/</path>
         <kind>archive</kind>
         <file>rtsv7M4_T_le_v4SPD16_eabi.lib</file>
         <name>errno.c.obj</name>
      </input_file>
      <input_file id="fl-f0">
         <path>/home/ali/ti/ccs1011/ccs/tools/compiler/ti-cgt-arm_20.2.1.LTS/lib/</path>
         <kind>archive</kind>
         <file>rtsv7M4_T_le_v4SPD16_eabi.lib</file>
         <name>boot_cortex_m.c.obj</name>
      </input_file>
      <input_file id="fl-f1">
         <path>/home/ali/ti/ccs1011/ccs/tools/compiler/ti-cgt-arm_20.2.1.LTS/lib/</path>
         <kind>archive</kind>
         <file>rtsv7M4_T_le_v4SPD16_eabi.lib</file>
         <name>k_cos.c.obj</name>
      </input_file>
      <input_file id="fl-f2">
         <path>/home/ali/ti/ccs1011/ccs/tools/compiler/ti-cgt-arm_20.2.1.LTS/lib/</path>
         <kind>archive</kind>
         <file>rtsv7M4_T_le_v4SPD16_eabi.lib</file>
         <name>k_sin.c.obj</name>
      </input_file>
      <input_file id="fl-f3">
         <path>/home/ali/ti/ccs1011/ccs/tools/compiler/ti-cgt-arm_20.2.1.LTS/lib/</path>
         <kind>archive</kind>
         <file>rtsv7M4_T_le_v4SPD16_eabi.lib</file>
         <name>s_floor.c.obj</name>
      </input_file>
      <input_file id="fl-f4">
         <path>/home/ali/ti/ccs1011/ccs/tools/compiler/ti-cgt-arm_20.2.1.LTS/lib/</path>
         <kind>archive</kind>
         <file>rtsv7M4_T_le_v4SPD16_eabi.lib</file>
         <name>s_scalbn.c.obj</name>
      </input_file>
      <input_file id="fl-f5">
         <path>/home/ali/ti/ccs1011/ccs/tools/compiler/ti-cgt-arm_20.2.1.LTS/lib/</path>
         <kind>archive</kind>
         <file>rtsv7M4_T_le_v4SPD16_eabi.lib</file>
         <name>autoinit.c.obj</name>
      </input_file>
      <input_file id="fl-f6">
         <path>/home/ali/ti/ccs1011/ccs/tools/compiler/ti-cgt-arm_20.2.1.LTS/lib/</path>
         <kind>archive</kind>
         <file>rtsv7M4_T_le_v4SPD16_eabi.lib</file>
         <name>pre_init.c.obj</name>
      </input_file>
      <input_file id="fl-f7">
         <path>/home/ali/ti/ccs1011/ccs/tools/compiler/ti-cgt-arm_20.2.1.LTS/lib/</path>
         <kind>archive</kind>
         <file>rtsv7M4_T_le_v4SPD16_eabi.lib</file>
         <name>cpy_tbl.c.obj</name>
      </input_file>
      <input_file id="fl-f8">
         <path>/home/ali/ti/ccs1011/ccs/tools/compiler/ti-cgt-arm_20.2.1.LTS/lib/</path>
         <kind>archive</kind>
         <file>rtsv7M4_T_le_v4SPD16_eabi.lib</file>
         <name>exit.c.obj</name>
      </input_file>
      <input_file id="fl-f9">
         <path>/home/ali/ti/ccs1011/ccs/tools/compiler/ti-cgt-arm_20.2.1.LTS/lib/</path>
         <kind>archive</kind>
         <file>rtsv7M4_T_le_v4SPD16_eabi.lib</file>
         <name>_lock.c.obj</name>
      </input_file>
      <input_file id="fl-fa">
         <path>/home/ali/ti/ccs1011/ccs/tools/compiler/ti-cgt-arm_20.2.1.LTS/lib/</path>
         <kind>archive</kind>
         <file>rtsv7M4_T_le_v4SPD16_eabi.lib</file>
         <name>args_main.c.obj</name>
      </input_file>
      <input_file id="fl-fb">
         <path>/home/ali/ti/ccs1011/ccs/tools/compiler/ti-cgt-arm_20.2.1.LTS/lib/</path>
         <kind>archive</kind>
         <file>rtsv7M4_T_le_v4SPD16_eabi.lib</file>
         <name>s_copysign.c.obj</name>
      </input_file>
   </input_file_list>
   <object_component_list>
      <object_component id="oc-12">
         <name>.intvecs</name>
         <load_address>0x0</load_address>
         <run_address>0x0</run_address>
         <size>0x26c</size>
         <input_file_ref idref="fl-18"/>
      </object_component>
      <object_component id="oc-12b">
         <name>.text</name>
         <load_address>0x26c</load_address>
         <run_address>0x26c</run_address>
         <size>0x1b8c</size>
         <input_file_ref idref="fl-11"/>
      </object_component>
      <object_component id="oc-9d">
         <name>.text</name>
         <load_address>0x1df8</load_address>
         <run_address>0x1df8</run_address>
         <size>0x19ac</size>
         <input_file_ref idref="fl-16"/>
      </object_component>
      <object_component id="oc-50">
         <name>.text</name>
         <load_address>0x37a4</load_address>
         <run_address>0x37a4</run_address>
         <size>0xa94</size>
         <input_file_ref idref="fl-3"/>
      </object_component>
      <object_component id="oc-1ec">
         <name>.text</name>
         <load_address>0x4238</load_address>
         <run_address>0x4238</run_address>
         <size>0xa18</size>
         <input_file_ref idref="fl-6"/>
      </object_component>
      <object_component id="oc-217">
         <name>.text</name>
         <load_address>0x4c50</load_address>
         <run_address>0x4c50</run_address>
         <size>0x818</size>
         <input_file_ref idref="fl-2"/>
      </object_component>
      <object_component id="oc-1fd">
         <name>.text</name>
         <load_address>0x5468</load_address>
         <run_address>0x5468</run_address>
         <size>0x74c</size>
         <input_file_ref idref="fl-f"/>
      </object_component>
      <object_component id="oc-387">
         <name>.text:__kernel_rem_pio2</name>
         <load_address>0x5bb4</load_address>
         <run_address>0x5bb4</run_address>
         <size>0x738</size>
         <input_file_ref idref="fl-ee"/>
      </object_component>
      <object_component id="oc-2ff">
         <name>.text:cos</name>
         <load_address>0x62ec</load_address>
         <run_address>0x62ec</run_address>
         <size>0x5dc</size>
         <input_file_ref idref="fl-d6"/>
      </object_component>
      <object_component id="oc-2f9">
         <name>.text:sin</name>
         <load_address>0x68c8</load_address>
         <run_address>0x68c8</run_address>
         <size>0x5c4</size>
         <input_file_ref idref="fl-d7"/>
      </object_component>
      <object_component id="oc-38">
         <name>.text</name>
         <load_address>0x6e8c</load_address>
         <run_address>0x6e8c</run_address>
         <size>0x490</size>
         <input_file_ref idref="fl-c"/>
      </object_component>
      <object_component id="oc-1d8">
         <name>.text</name>
         <load_address>0x731c</load_address>
         <run_address>0x731c</run_address>
         <size>0x484</size>
         <input_file_ref idref="fl-d"/>
      </object_component>
      <object_component id="oc-31b">
         <name>.text:strtod</name>
         <load_address>0x77a0</load_address>
         <run_address>0x77a0</run_address>
         <size>0x460</size>
         <input_file_ref idref="fl-ed"/>
      </object_component>
      <object_component id="oc-3a4">
         <name>.text:atan</name>
         <load_address>0x7c00</load_address>
         <run_address>0x7c00</run_address>
         <size>0x2ec</size>
         <input_file_ref idref="fl-d5"/>
      </object_component>
      <object_component id="oc-232">
         <name>.text</name>
         <load_address>0x7eec</load_address>
         <run_address>0x7eec</run_address>
         <size>0x214</size>
         <input_file_ref idref="fl-9"/>
      </object_component>
      <object_component id="oc-30b">
         <name>.text:atan2</name>
         <load_address>0x8100</load_address>
         <run_address>0x8100</run_address>
         <size>0x1d8</size>
         <input_file_ref idref="fl-d3"/>
      </object_component>
      <object_component id="oc-147">
         <name>.text</name>
         <load_address>0x82d8</load_address>
         <run_address>0x82d8</run_address>
         <size>0x1b8</size>
         <input_file_ref idref="fl-e"/>
      </object_component>
      <object_component id="oc-32">
         <name>.text</name>
         <load_address>0x8490</load_address>
         <run_address>0x8490</run_address>
         <size>0x1b8</size>
         <input_file_ref idref="fl-13"/>
      </object_component>
      <object_component id="oc-20d">
         <name>.text</name>
         <load_address>0x8648</load_address>
         <run_address>0x8648</run_address>
         <size>0x1b6</size>
         <input_file_ref idref="fl-d9"/>
      </object_component>
      <object_component id="oc-244">
         <name>.text</name>
         <load_address>0x8800</load_address>
         <run_address>0x8800</run_address>
         <size>0x17c</size>
         <input_file_ref idref="fl-5"/>
      </object_component>
      <object_component id="oc-381">
         <name>.text:__kernel_sin</name>
         <load_address>0x897c</load_address>
         <run_address>0x897c</run_address>
         <size>0x174</size>
         <input_file_ref idref="fl-f2"/>
      </object_component>
      <object_component id="oc-38d">
         <name>.text:__kernel_cos</name>
         <load_address>0x8af0</load_address>
         <run_address>0x8af0</run_address>
         <size>0x16c</size>
         <input_file_ref idref="fl-f1"/>
      </object_component>
      <object_component id="oc-305">
         <name>.text:sqrt</name>
         <load_address>0x8c5c</load_address>
         <run_address>0x8c5c</run_address>
         <size>0x158</size>
         <input_file_ref idref="fl-d4"/>
      </object_component>
      <object_component id="oc-238">
         <name>.text</name>
         <load_address>0x8db4</load_address>
         <run_address>0x8db4</run_address>
         <size>0x14c</size>
         <input_file_ref idref="fl-a"/>
      </object_component>
      <object_component id="oc-1f8">
         <name>.text</name>
         <load_address>0x8f00</load_address>
         <run_address>0x8f00</run_address>
         <size>0x136</size>
         <input_file_ref idref="fl-db"/>
      </object_component>
      <object_component id="oc-4a">
         <name>.text</name>
         <load_address>0x9038</load_address>
         <run_address>0x9038</run_address>
         <size>0x134</size>
         <input_file_ref idref="fl-19"/>
      </object_component>
      <object_component id="oc-14d">
         <name>.text</name>
         <load_address>0x916c</load_address>
         <run_address>0x916c</run_address>
         <size>0x132</size>
         <input_file_ref idref="fl-10"/>
      </object_component>
      <object_component id="oc-3ac">
         <name>.text:scalbn</name>
         <load_address>0x92a0</load_address>
         <run_address>0x92a0</run_address>
         <size>0x110</size>
         <input_file_ref idref="fl-f4"/>
      </object_component>
      <object_component id="oc-d3">
         <name>.text</name>
         <load_address>0x93b0</load_address>
         <run_address>0x93b0</run_address>
         <size>0x108</size>
         <input_file_ref idref="fl-b"/>
      </object_component>
      <object_component id="oc-257">
         <name>.text</name>
         <load_address>0x94b8</load_address>
         <run_address>0x94b8</run_address>
         <size>0xfc</size>
         <input_file_ref idref="fl-dc"/>
      </object_component>
      <object_component id="oc-3e8">
         <name>.text:floor</name>
         <load_address>0x95b4</load_address>
         <run_address>0x95b4</run_address>
         <size>0xf8</size>
         <input_file_ref idref="fl-f3"/>
      </object_component>
      <object_component id="oc-23e">
         <name>.text</name>
         <load_address>0x96ac</load_address>
         <run_address>0x96ac</run_address>
         <size>0xdc</size>
         <input_file_ref idref="fl-12"/>
      </object_component>
      <object_component id="oc-2d">
         <name>.text</name>
         <load_address>0x9788</load_address>
         <run_address>0x9788</run_address>
         <size>0xd2</size>
         <input_file_ref idref="fl-14"/>
      </object_component>
      <object_component id="oc-44">
         <name>.text</name>
         <load_address>0x985c</load_address>
         <run_address>0x985c</run_address>
         <size>0xd0</size>
         <input_file_ref idref="fl-7"/>
      </object_component>
      <object_component id="oc-3e">
         <name>.text</name>
         <load_address>0x992c</load_address>
         <run_address>0x992c</run_address>
         <size>0xa0</size>
         <input_file_ref idref="fl-8"/>
      </object_component>
      <object_component id="oc-64">
         <name>.text</name>
         <load_address>0x99cc</load_address>
         <run_address>0x99cc</run_address>
         <size>0x9c</size>
         <input_file_ref idref="fl-e1"/>
      </object_component>
      <object_component id="oc-203">
         <name>.text:__aeabi_cdcmple</name>
         <load_address>0x9a68</load_address>
         <run_address>0x9a68</run_address>
         <size>0x86</size>
         <input_file_ref idref="fl-da"/>
      </object_component>
      <object_component id="oc-212">
         <name>.text:__aeabi_cdrcmple</name>
         <load_address>0x9aee</load_address>
         <run_address>0x9aee</run_address>
         <size>0x86</size>
         <input_file_ref idref="fl-da"/>
      </object_component>
      <object_component id="oc-22c">
         <name>.text</name>
         <load_address>0x9b74</load_address>
         <run_address>0x9b74</run_address>
         <size>0x7c</size>
         <input_file_ref idref="fl-4"/>
      </object_component>
      <object_component id="oc-f2">
         <name>.text</name>
         <load_address>0x9bf0</load_address>
         <run_address>0x9bf0</run_address>
         <size>0x7a</size>
         <input_file_ref idref="fl-d8"/>
      </object_component>
      <object_component id="oc-15">
         <name>.text:decompress:lzss:__TI_decompress_lzss</name>
         <load_address>0x9c6a</load_address>
         <run_address>0x9c6a</run_address>
         <size>0x68</size>
         <input_file_ref idref="fl-e5"/>
      </object_component>
      <object_component id="oc-f7">
         <name>.text:atoi</name>
         <load_address>0x9cd4</load_address>
         <run_address>0x9cd4</run_address>
         <size>0x4c</size>
         <input_file_ref idref="fl-e7"/>
      </object_component>
      <object_component id="oc-25c">
         <name>.text</name>
         <load_address>0x9d20</load_address>
         <run_address>0x9d20</run_address>
         <size>0x48</size>
         <input_file_ref idref="fl-dd"/>
      </object_component>
      <object_component id="oc-276">
         <name>.text:__TI_auto_init_nobinit_nopinit:__TI_auto_init_nobinit_nopinit</name>
         <load_address>0x9d68</load_address>
         <run_address>0x9d68</run_address>
         <size>0x44</size>
         <input_file_ref idref="fl-f5"/>
      </object_component>
      <object_component id="oc-24b">
         <name>.text</name>
         <load_address>0x9dac</load_address>
         <run_address>0x9dac</run_address>
         <size>0x44</size>
         <input_file_ref idref="fl-de"/>
      </object_component>
      <object_component id="oc-337">
         <name>.text</name>
         <load_address>0x9df0</load_address>
         <run_address>0x9df0</run_address>
         <size>0x38</size>
         <input_file_ref idref="fl-df"/>
      </object_component>
      <object_component id="oc-82">
         <name>.text:_c_int00_noargs:_c_int00_noargs</name>
         <load_address>0x9e28</load_address>
         <run_address>0x9e28</run_address>
         <size>0x34</size>
         <input_file_ref idref="fl-f0"/>
      </object_component>
      <object_component id="oc-264">
         <name>.text</name>
         <load_address>0x9e5c</load_address>
         <run_address>0x9e5c</run_address>
         <size>0x2e</size>
         <input_file_ref idref="fl-e0"/>
      </object_component>
      <object_component id="oc-208">
         <name>.text</name>
         <load_address>0x9e8a</load_address>
         <run_address>0x9e8a</run_address>
         <size>0x20</size>
         <input_file_ref idref="fl-e2"/>
      </object_component>
      <object_component id="oc-e2">
         <name>.text:strcat</name>
         <load_address>0x9eaa</load_address>
         <run_address>0x9eaa</run_address>
         <size>0x1e</size>
         <input_file_ref idref="fl-e9"/>
      </object_component>
      <object_component id="oc-411">
         <name>.text:copysign</name>
         <load_address>0x9ec8</load_address>
         <run_address>0x9ec8</run_address>
         <size>0x1a</size>
         <input_file_ref idref="fl-fb"/>
      </object_component>
      <object_component id="oc-cd">
         <name>.text:strcmp</name>
         <load_address>0x9ee2</load_address>
         <run_address>0x9ee2</run_address>
         <size>0x18</size>
         <input_file_ref idref="fl-ea"/>
      </object_component>
      <object_component id="oc-226">
         <name>.text:strcpy</name>
         <load_address>0x9efa</load_address>
         <run_address>0x9efa</run_address>
         <size>0x14</size>
         <input_file_ref idref="fl-eb"/>
      </object_component>
      <object_component id="oc-d9">
         <name>.text:strlen</name>
         <load_address>0x9f0e</load_address>
         <run_address>0x9f0e</run_address>
         <size>0x14</size>
         <input_file_ref idref="fl-ec"/>
      </object_component>
      <object_component id="oc-1f2">
         <name>.text:atof</name>
         <load_address>0x9f22</load_address>
         <run_address>0x9f22</run_address>
         <size>0x12</size>
         <input_file_ref idref="fl-e6"/>
      </object_component>
      <object_component id="oc-1b">
         <name>.text:decompress:none:__TI_decompress_none</name>
         <load_address>0x9f34</load_address>
         <run_address>0x9f34</run_address>
         <size>0xe</size>
         <input_file_ref idref="fl-e4"/>
      </object_component>
      <object_component id="oc-76">
         <name>.text:decompress:ZI:__TI_zero_init</name>
         <load_address>0x9f42</load_address>
         <run_address>0x9f42</run_address>
         <size>0xc</size>
         <input_file_ref idref="fl-e3"/>
      </object_component>
      <object_component id="oc-27">
         <name>.text</name>
         <load_address>0x9f4e</load_address>
         <run_address>0x9f4e</run_address>
         <size>0xc</size>
         <input_file_ref idref="fl-18"/>
      </object_component>
      <object_component id="oc-39c">
         <name>.text:__aeabi_errno_addr</name>
         <load_address>0x9f5c</load_address>
         <run_address>0x9f5c</run_address>
         <size>0x8</size>
         <input_file_ref idref="fl-ef"/>
      </object_component>
      <object_component id="oc-125">
         <name>.text:_system_pre_init</name>
         <load_address>0x9f64</load_address>
         <run_address>0x9f64</run_address>
         <size>0x4</size>
         <input_file_ref idref="fl-f6"/>
      </object_component>
      <object_component id="oc-26a">
         <name>.text:abort:abort</name>
         <load_address>0x9f68</load_address>
         <run_address>0x9f68</run_address>
         <size>0x4</size>
         <input_file_ref idref="fl-f8"/>
      </object_component>
      <object_component id="oc-3ee">
         <name>.const:$O1$$</name>
         <load_address>0x9f70</load_address>
         <run_address>0x9f70</run_address>
         <size>0x158</size>
         <input_file_ref idref="fl-ee"/>
      </object_component>
      <object_component id="oc-1c3">
         <name>.const:.string:_ctypes_</name>
         <load_address>0xa0c8</load_address>
         <run_address>0xa0c8</run_address>
         <size>0x101</size>
         <input_file_ref idref="fl-e8"/>
      </object_component>
      <object_component id="oc-324">
         <name>.const:.string:$P$T0$1</name>
         <load_address>0xa1c9</load_address>
         <run_address>0xa1c9</run_address>
         <size>0x4</size>
         <input_file_ref idref="fl-f"/>
      </object_component>
      <object_component id="oc-3b2">
         <name>.const:$O1$$</name>
         <load_address>0xa1d0</load_address>
         <run_address>0xa1d0</run_address>
         <size>0xc8</size>
         <input_file_ref idref="fl-ed"/>
      </object_component>
      <object_component id="oc-40b">
         <name>.const:$O1$$</name>
         <load_address>0xa298</load_address>
         <run_address>0xa298</run_address>
         <size>0x98</size>
         <input_file_ref idref="fl-d5"/>
      </object_component>
      <object_component id="oc-21d">
         <name>.const:$P$T0$1</name>
         <load_address>0xa330</load_address>
         <run_address>0xa330</run_address>
         <size>0x10</size>
         <input_file_ref idref="fl-11"/>
      </object_component>
      <object_component id="oc-9a">
         <name>.const</name>
         <load_address>0xa340</load_address>
         <run_address>0xa340</run_address>
         <size>0x8</size>
         <input_file_ref idref="fl-13"/>
      </object_component>
      <object_component id="oc-475">
         <name>.cinit..data.load</name>
         <load_address>0xa348</load_address>
         <run_address>0xa348</run_address>
         <size>0x28</size>
      </object_component>
      <object_component id="oc-473">
         <name>__TI_handler_table</name>
         <load_address>0xa370</load_address>
         <run_address>0xa370</run_address>
         <size>0xc</size>
      </object_component>
      <object_component id="oc-476">
         <name>.cinit..bss.load</name>
         <load_address>0xa380</load_address>
         <run_address>0xa380</run_address>
         <size>0x8</size>
      </object_component>
      <object_component id="oc-474">
         <name>__TI_cinit_table</name>
         <load_address>0xa388</load_address>
         <run_address>0xa388</run_address>
         <size>0x10</size>
      </object_component>
      <object_component id="oc-df">
         <name>.data:receive_Buffer</name>
         <load_address>0x2000599c</load_address>
         <run_address>0x2000599c</run_address>
         <size>0x400</size>
         <input_file_ref idref="fl-3"/>
      </object_component>
      <object_component id="oc-fd">
         <name>.data:wait_Buffer</name>
         <load_address>0x20005d9c</load_address>
         <run_address>0x20005d9c</run_address>
         <size>0x400</size>
         <input_file_ref idref="fl-3"/>
      </object_component>
      <object_component id="oc-e8">
         <name>.data:send_Buffer</name>
         <load_address>0x200064b6</load_address>
         <run_address>0x200064b6</run_address>
         <size>0x64</size>
         <input_file_ref idref="fl-3"/>
      </object_component>
      <object_component id="oc-1e1">
         <name>.data</name>
         <load_address>0x200065d8</load_address>
         <run_address>0x200065d8</run_address>
         <size>0x6</size>
         <input_file_ref idref="fl-c"/>
      </object_component>
      <object_component id="oc-2f3">
         <name>.data:comma_Location</name>
         <load_address>0x200065c4</load_address>
         <run_address>0x200065c4</run_address>
         <size>0x9</size>
         <input_file_ref idref="fl-d"/>
      </object_component>
      <object_component id="oc-2f6">
         <name>.data:frame</name>
         <load_address>0x20006420</load_address>
         <run_address>0x20006420</run_address>
         <size>0x96</size>
         <input_file_ref idref="fl-d"/>
      </object_component>
      <object_component id="oc-2be">
         <name>.data</name>
         <load_address>0x200065d0</load_address>
         <run_address>0x200065d0</run_address>
         <size>0x8</size>
         <input_file_ref idref="fl-e"/>
      </object_component>
      <object_component id="oc-223">
         <name>.data:Applications_data</name>
         <load_address>0x200061a0</load_address>
         <run_address>0x200061a0</run_address>
         <size>0x280</size>
         <input_file_ref idref="fl-11"/>
      </object_component>
      <object_component id="oc-1de">
         <name>.data</name>
         <load_address>0x20006588</load_address>
         <run_address>0x20006588</run_address>
         <size>0x24</size>
         <input_file_ref idref="fl-11"/>
      </object_component>
      <object_component id="oc-220">
         <name>.data:FDATA</name>
         <load_address>0x20005550</load_address>
         <run_address>0x20005550</run_address>
         <size>0x44c</size>
         <input_file_ref idref="fl-11"/>
      </object_component>
      <object_component id="oc-1e4">
         <name>.data:us_order</name>
         <load_address>0x200065b8</load_address>
         <run_address>0x200065b8</run_address>
         <size>0xc</size>
         <input_file_ref idref="fl-11"/>
      </object_component>
      <object_component id="oc-1e9">
         <name>.data:THIS_CAR_DATA</name>
         <load_address>0x2000651a</load_address>
         <run_address>0x2000651a</run_address>
         <size>0x37</size>
         <input_file_ref idref="fl-11"/>
      </object_component>
      <object_component id="oc-254">
         <name>.data:coll</name>
         <load_address>0x200065de</load_address>
         <run_address>0x200065de</run_address>
         <size>0x6</size>
         <input_file_ref idref="fl-11"/>
      </object_component>
      <object_component id="oc-251">
         <name>.data:APPs_coll</name>
         <load_address>0x2000619c</load_address>
         <run_address>0x2000619c</run_address>
         <size>0x4</size>
         <input_file_ref idref="fl-11"/>
      </object_component>
      <object_component id="oc-a4">
         <name>.data</name>
         <load_address>0x200065ac</load_address>
         <run_address>0x200065ac</run_address>
         <size>0xc</size>
         <input_file_ref idref="fl-13"/>
      </object_component>
      <object_component id="oc-97">
         <name>.data</name>
         <load_address>0x20006554</load_address>
         <run_address>0x20006554</run_address>
         <size>0x34</size>
         <input_file_ref idref="fl-16"/>
      </object_component>
      <object_component id="oc-404">
         <name>.data</name>
         <load_address>0x200065e4</load_address>
         <run_address>0x200065e4</run_address>
         <size>0x4</size>
         <input_file_ref idref="fl-ef"/>
      </object_component>
      <object_component id="oc-c3">
         <name>.bss</name>
         <uninitialized>true</uninitialized>
         <run_address>0x20005530</run_address>
         <size>0x4</size>
         <input_file_ref idref="fl-7"/>
      </object_component>
      <object_component id="oc-be">
         <name>.bss</name>
         <uninitialized>true</uninitialized>
         <run_address>0x20005534</run_address>
         <size>0x4</size>
         <input_file_ref idref="fl-8"/>
      </object_component>
      <object_component id="oc-b8">
         <name>.bss</name>
         <uninitialized>true</uninitialized>
         <run_address>0x20005538</run_address>
         <size>0x4</size>
         <input_file_ref idref="fl-c"/>
      </object_component>
      <object_component id="oc-2c7">
         <name>.bss:ucHeap</name>
         <uninitialized>true</uninitialized>
         <run_address>0x20000000</run_address>
         <size>0x4e20</size>
         <input_file_ref idref="fl-e"/>
      </object_component>
      <object_component id="oc-2c1">
         <name>.bss:xStart</name>
         <uninitialized>true</uninitialized>
         <run_address>0x20005528</run_address>
         <size>0x8</size>
         <input_file_ref idref="fl-e"/>
      </object_component>
      <object_component id="oc-2c4">
         <name>.bss:xEnd</name>
         <uninitialized>true</uninitialized>
         <run_address>0x20005520</run_address>
         <size>0x8</size>
         <input_file_ref idref="fl-e"/>
      </object_component>
      <object_component id="oc-261">
         <name>.bss</name>
         <uninitialized>true</uninitialized>
         <run_address>0x20005544</run_address>
         <size>0x2</size>
         <input_file_ref idref="fl-11"/>
      </object_component>
      <object_component id="oc-153">
         <name>.bss:pxReadyTasksLists</name>
         <uninitialized>true</uninitialized>
         <run_address>0x20005438</run_address>
         <size>0x64</size>
         <input_file_ref idref="fl-16"/>
      </object_component>
      <object_component id="oc-162">
         <name>.bss:xDelayedTaskList1</name>
         <uninitialized>true</uninitialized>
         <run_address>0x200054b4</run_address>
         <size>0x14</size>
         <input_file_ref idref="fl-16"/>
      </object_component>
      <object_component id="oc-165">
         <name>.bss:xDelayedTaskList2</name>
         <uninitialized>true</uninitialized>
         <run_address>0x200054c8</run_address>
         <size>0x14</size>
         <input_file_ref idref="fl-16"/>
      </object_component>
      <object_component id="oc-159">
         <name>.bss</name>
         <uninitialized>true</uninitialized>
         <run_address>0x20005518</run_address>
         <size>0x8</size>
         <input_file_ref idref="fl-16"/>
      </object_component>
      <object_component id="oc-15f">
         <name>.bss:xPendingReadyList</name>
         <uninitialized>true</uninitialized>
         <run_address>0x200054dc</run_address>
         <size>0x14</size>
         <input_file_ref idref="fl-16"/>
      </object_component>
      <object_component id="oc-156">
         <name>.bss:xTasksWaitingTermination</name>
         <uninitialized>true</uninitialized>
         <run_address>0x20005504</run_address>
         <size>0x14</size>
         <input_file_ref idref="fl-16"/>
      </object_component>
      <object_component id="oc-15c">
         <name>.bss:xSuspendedTaskList</name>
         <uninitialized>true</uninitialized>
         <run_address>0x200054f0</run_address>
         <size>0x14</size>
         <input_file_ref idref="fl-16"/>
      </object_component>
      <object_component id="oc-c8">
         <name>.bss</name>
         <uninitialized>true</uninitialized>
         <run_address>0x2000553c</run_address>
         <size>0x4</size>
         <input_file_ref idref="fl-19"/>
      </object_component>
      <object_component id="oc-eb">
         <name>.common:APs</name>
         <uninitialized>true</uninitialized>
         <run_address>0x200052a8</run_address>
         <size>0x190</size>
      </object_component>
      <object_component id="oc-100">
         <name>.common:DATA</name>
         <uninitialized>true</uninitialized>
         <run_address>0x20004e20</run_address>
         <size>0x488</size>
      </object_component>
      <object_component id="oc-1e7">
         <name>.common:time1</name>
         <uninitialized>true</uninitialized>
         <run_address>0x20005546</run_address>
         <size>0x2</size>
      </object_component>
      <object_component id="oc-1e8">
         <name>.common:time2</name>
         <uninitialized>true</uninitialized>
         <run_address>0x20005548</run_address>
         <size>0x2</size>
      </object_component>
      <object_component id="oc-24a">
         <name>.common:GPS_handle</name>
         <uninitialized>true</uninitialized>
         <run_address>0x20005540</run_address>
         <size>0x4</size>
      </object_component>
      <object_component id="oc-250">
         <name>.common:Ultrasonic_readings</name>
         <uninitialized>true</uninitialized>
         <run_address>0x2000549c</run_address>
         <size>0x18</size>
      </object_component>
      <object_component id="oc-24">
         <name>.stack</name>
         <uninitialized>true</uninitialized>
         <run_address>0x200065e8</run_address>
         <size>0x4</size>
         <input_file_ref idref="fl-f0"/>
      </object_component>
      <object_component id="oc-478">
         <name>.stack</name>
         <uninitialized>true</uninitialized>
         <run_address>0x200065e8</run_address>
         <size>0x0</size>
      </object_component>
      <object_component id="oc-1cc">
         <name>.debug_info</name>
         <load_address>0x0</load_address>
         <run_address>0x0</run_address>
         <size>0x2be</size>
         <input_file_ref idref="fl-1"/>
      </object_component>
      <object_component id="oc-5f">
         <name>.debug_info</name>
         <load_address>0x2be</load_address>
         <run_address>0x2be</run_address>
         <size>0x84</size>
         <input_file_ref idref="fl-1"/>
      </object_component>
      <object_component id="oc-103">
         <name>.debug_info</name>
         <load_address>0x342</load_address>
         <run_address>0x342</run_address>
         <size>0xc8</size>
         <input_file_ref idref="fl-1"/>
      </object_component>
      <object_component id="oc-1cd">
         <name>.debug_info</name>
         <load_address>0x40a</load_address>
         <run_address>0x40a</run_address>
         <size>0x26d</size>
         <input_file_ref idref="fl-2"/>
      </object_component>
      <object_component id="oc-218">
         <name>.debug_info</name>
         <load_address>0x677</load_address>
         <run_address>0x677</run_address>
         <size>0x8eb</size>
         <input_file_ref idref="fl-2"/>
      </object_component>
      <object_component id="oc-10a">
         <name>.debug_info</name>
         <load_address>0xf62</load_address>
         <run_address>0xf62</run_address>
         <size>0x26b</size>
         <input_file_ref idref="fl-2"/>
      </object_component>
      <object_component id="oc-17d">
         <name>.debug_info</name>
         <load_address>0x11cd</load_address>
         <run_address>0x11cd</run_address>
         <size>0x2a4</size>
         <input_file_ref idref="fl-2"/>
      </object_component>
      <object_component id="oc-b3">
         <name>.debug_info</name>
         <load_address>0x1471</load_address>
         <run_address>0x1471</run_address>
         <size>0xbb</size>
         <input_file_ref idref="fl-2"/>
      </object_component>
      <object_component id="oc-1b3">
         <name>.debug_info</name>
         <load_address>0x152c</load_address>
         <run_address>0x152c</run_address>
         <size>0x6d</size>
         <input_file_ref idref="fl-2"/>
      </object_component>
      <object_component id="oc-102">
         <name>.debug_info</name>
         <load_address>0x1599</load_address>
         <run_address>0x1599</run_address>
         <size>0x435</size>
         <input_file_ref idref="fl-3"/>
      </object_component>
      <object_component id="oc-e0">
         <name>.debug_info</name>
         <load_address>0x19ce</load_address>
         <run_address>0x19ce</run_address>
         <size>0xe4</size>
         <input_file_ref idref="fl-3"/>
      </object_component>
      <object_component id="oc-fe">
         <name>.debug_info</name>
         <load_address>0x1ab2</load_address>
         <run_address>0x1ab2</run_address>
         <size>0xde</size>
         <input_file_ref idref="fl-3"/>
      </object_component>
      <object_component id="oc-e9">
         <name>.debug_info</name>
         <load_address>0x1b90</load_address>
         <run_address>0x1b90</run_address>
         <size>0xde</size>
         <input_file_ref idref="fl-3"/>
      </object_component>
      <object_component id="oc-51">
         <name>.debug_info</name>
         <load_address>0x1c6e</load_address>
         <run_address>0x1c6e</run_address>
         <size>0x152e</size>
         <input_file_ref idref="fl-3"/>
      </object_component>
      <object_component id="oc-1a5">
         <name>.debug_info</name>
         <load_address>0x319c</load_address>
         <run_address>0x319c</run_address>
         <size>0x5e</size>
         <input_file_ref idref="fl-3"/>
      </object_component>
      <object_component id="oc-197">
         <name>.debug_info</name>
         <load_address>0x31fa</load_address>
         <run_address>0x31fa</run_address>
         <size>0x2c</size>
         <input_file_ref idref="fl-3"/>
      </object_component>
      <object_component id="oc-22d">
         <name>.debug_info</name>
         <load_address>0x3226</load_address>
         <run_address>0x3226</run_address>
         <size>0xfc</size>
         <input_file_ref idref="fl-4"/>
      </object_component>
      <object_component id="oc-245">
         <name>.debug_info</name>
         <load_address>0x3322</load_address>
         <run_address>0x3322</run_address>
         <size>0x2e1</size>
         <input_file_ref idref="fl-5"/>
      </object_component>
      <object_component id="oc-ec">
         <name>.debug_info</name>
         <load_address>0x3603</load_address>
         <run_address>0x3603</run_address>
         <size>0x8a2</size>
         <input_file_ref idref="fl-6"/>
      </object_component>
      <object_component id="oc-1ed">
         <name>.debug_info</name>
         <load_address>0x3ea5</load_address>
         <run_address>0x3ea5</run_address>
         <size>0xc41</size>
         <input_file_ref idref="fl-6"/>
      </object_component>
      <object_component id="oc-1aa">
         <name>.debug_info</name>
         <load_address>0x4ae6</load_address>
         <run_address>0x4ae6</run_address>
         <size>0xd6</size>
         <input_file_ref idref="fl-6"/>
      </object_component>
      <object_component id="oc-c7">
         <name>.debug_info</name>
         <load_address>0x4bbc</load_address>
         <run_address>0x4bbc</run_address>
         <size>0x29a</size>
         <input_file_ref idref="fl-7"/>
      </object_component>
      <object_component id="oc-c4">
         <name>.debug_info</name>
         <load_address>0x4e56</load_address>
         <run_address>0x4e56</run_address>
         <size>0xd3</size>
         <input_file_ref idref="fl-7"/>
      </object_component>
      <object_component id="oc-45">
         <name>.debug_info</name>
         <load_address>0x4f29</load_address>
         <run_address>0x4f29</run_address>
         <size>0x26d</size>
         <input_file_ref idref="fl-7"/>
      </object_component>
      <object_component id="oc-c2">
         <name>.debug_info</name>
         <load_address>0x5196</load_address>
         <run_address>0x5196</run_address>
         <size>0x26a</size>
         <input_file_ref idref="fl-8"/>
      </object_component>
      <object_component id="oc-bf">
         <name>.debug_info</name>
         <load_address>0x5400</load_address>
         <run_address>0x5400</run_address>
         <size>0xd4</size>
         <input_file_ref idref="fl-8"/>
      </object_component>
      <object_component id="oc-3f">
         <name>.debug_info</name>
         <load_address>0x54d4</load_address>
         <run_address>0x54d4</run_address>
         <size>0x1c3</size>
         <input_file_ref idref="fl-8"/>
      </object_component>
      <object_component id="oc-33d">
         <name>.debug_info</name>
         <load_address>0x5697</load_address>
         <run_address>0x5697</run_address>
         <size>0x283</size>
         <input_file_ref idref="fl-9"/>
      </object_component>
      <object_component id="oc-233">
         <name>.debug_info</name>
         <load_address>0x591a</load_address>
         <run_address>0x591a</run_address>
         <size>0x449</size>
         <input_file_ref idref="fl-9"/>
      </object_component>
      <object_component id="oc-33e">
         <name>.debug_info</name>
         <load_address>0x5d63</load_address>
         <run_address>0x5d63</run_address>
         <size>0x53</size>
         <input_file_ref idref="fl-9"/>
      </object_component>
      <object_component id="oc-344">
         <name>.debug_info</name>
         <load_address>0x5db6</load_address>
         <run_address>0x5db6</run_address>
         <size>0x290</size>
         <input_file_ref idref="fl-a"/>
      </object_component>
      <object_component id="oc-239">
         <name>.debug_info</name>
         <load_address>0x6046</load_address>
         <run_address>0x6046</run_address>
         <size>0x320</size>
         <input_file_ref idref="fl-a"/>
      </object_component>
      <object_component id="oc-195">
         <name>.debug_info</name>
         <load_address>0x6366</load_address>
         <run_address>0x6366</run_address>
         <size>0x285</size>
         <input_file_ref idref="fl-b"/>
      </object_component>
      <object_component id="oc-d4">
         <name>.debug_info</name>
         <load_address>0x65eb</load_address>
         <run_address>0x65eb</run_address>
         <size>0x30f</size>
         <input_file_ref idref="fl-b"/>
      </object_component>
      <object_component id="oc-bc">
         <name>.debug_info</name>
         <load_address>0x68fa</load_address>
         <run_address>0x68fa</run_address>
         <size>0x2c2</size>
         <input_file_ref idref="fl-c"/>
      </object_component>
      <object_component id="oc-1e2">
         <name>.debug_info</name>
         <load_address>0x6bbc</load_address>
         <run_address>0x6bbc</run_address>
         <size>0xf0</size>
         <input_file_ref idref="fl-c"/>
      </object_component>
      <object_component id="oc-b9">
         <name>.debug_info</name>
         <load_address>0x6cac</load_address>
         <run_address>0x6cac</run_address>
         <size>0xda</size>
         <input_file_ref idref="fl-c"/>
      </object_component>
      <object_component id="oc-39">
         <name>.debug_info</name>
         <load_address>0x6d86</load_address>
         <run_address>0x6d86</run_address>
         <size>0x5c3</size>
         <input_file_ref idref="fl-c"/>
      </object_component>
      <object_component id="oc-2aa">
         <name>.debug_info</name>
         <load_address>0x7349</load_address>
         <run_address>0x7349</run_address>
         <size>0x110</size>
         <input_file_ref idref="fl-c"/>
      </object_component>
      <object_component id="oc-ee">
         <name>.debug_info</name>
         <load_address>0x7459</load_address>
         <run_address>0x7459</run_address>
         <size>0x48d</size>
         <input_file_ref idref="fl-d"/>
      </object_component>
      <object_component id="oc-2f4">
         <name>.debug_info</name>
         <load_address>0x78e6</load_address>
         <run_address>0x78e6</run_address>
         <size>0xe0</size>
         <input_file_ref idref="fl-d"/>
      </object_component>
      <object_component id="oc-2f7">
         <name>.debug_info</name>
         <load_address>0x79c6</load_address>
         <run_address>0x79c6</run_address>
         <size>0xce</size>
         <input_file_ref idref="fl-d"/>
      </object_component>
      <object_component id="oc-1d9">
         <name>.debug_info</name>
         <load_address>0x7a94</load_address>
         <run_address>0x7a94</run_address>
         <size>0x6e6</size>
         <input_file_ref idref="fl-d"/>
      </object_component>
      <object_component id="oc-17c">
         <name>.debug_info</name>
         <load_address>0x817a</load_address>
         <run_address>0x817a</run_address>
         <size>0x3e6</size>
         <input_file_ref idref="fl-e"/>
      </object_component>
      <object_component id="oc-2c8">
         <name>.debug_info</name>
         <load_address>0x8560</load_address>
         <run_address>0x8560</run_address>
         <size>0xd2</size>
         <input_file_ref idref="fl-e"/>
      </object_component>
      <object_component id="oc-2c2">
         <name>.debug_info</name>
         <load_address>0x8632</load_address>
         <run_address>0x8632</run_address>
         <size>0xd2</size>
         <input_file_ref idref="fl-e"/>
      </object_component>
      <object_component id="oc-2c5">
         <name>.debug_info</name>
         <load_address>0x8704</load_address>
         <run_address>0x8704</run_address>
         <size>0xce</size>
         <input_file_ref idref="fl-e"/>
      </object_component>
      <object_component id="oc-2bf">
         <name>.debug_info</name>
         <load_address>0x87d2</load_address>
         <run_address>0x87d2</run_address>
         <size>0xec</size>
         <input_file_ref idref="fl-e"/>
      </object_component>
      <object_component id="oc-148">
         <name>.debug_info</name>
         <load_address>0x88be</load_address>
         <run_address>0x88be</run_address>
         <size>0x548</size>
         <input_file_ref idref="fl-e"/>
      </object_component>
      <object_component id="oc-140">
         <name>.debug_info</name>
         <load_address>0x8e06</load_address>
         <run_address>0x8e06</run_address>
         <size>0x30c</size>
         <input_file_ref idref="fl-e"/>
      </object_component>
      <object_component id="oc-2b9">
         <name>.debug_info</name>
         <load_address>0x9112</load_address>
         <run_address>0x9112</run_address>
         <size>0x476</size>
         <input_file_ref idref="fl-e"/>
      </object_component>
      <object_component id="oc-2dd">
         <name>.debug_info</name>
         <load_address>0x9588</load_address>
         <run_address>0x9588</run_address>
         <size>0x62</size>
         <input_file_ref idref="fl-e"/>
      </object_component>
      <object_component id="oc-a9">
         <name>.debug_info</name>
         <load_address>0x95ea</load_address>
         <run_address>0x95ea</run_address>
         <size>0x2c</size>
         <input_file_ref idref="fl-e"/>
      </object_component>
      <object_component id="oc-ae">
         <name>.debug_info</name>
         <load_address>0x9616</load_address>
         <run_address>0x9616</run_address>
         <size>0x53</size>
         <input_file_ref idref="fl-e"/>
      </object_component>
      <object_component id="oc-172">
         <name>.debug_info</name>
         <load_address>0x9669</load_address>
         <run_address>0x9669</run_address>
         <size>0x14c</size>
         <input_file_ref idref="fl-e"/>
      </object_component>
      <object_component id="oc-328">
         <name>.debug_info</name>
         <load_address>0x97b5</load_address>
         <run_address>0x97b5</run_address>
         <size>0x3e2</size>
         <input_file_ref idref="fl-f"/>
      </object_component>
      <object_component id="oc-325">
         <name>.debug_info</name>
         <load_address>0x9b97</load_address>
         <run_address>0x9b97</run_address>
         <size>0xd8</size>
         <input_file_ref idref="fl-f"/>
      </object_component>
      <object_component id="oc-1fe">
         <name>.debug_info</name>
         <load_address>0x9c6f</load_address>
         <run_address>0x9c6f</run_address>
         <size>0x10cc</size>
         <input_file_ref idref="fl-f"/>
      </object_component>
      <object_component id="oc-2cc">
         <name>.debug_info</name>
         <load_address>0xad3b</load_address>
         <run_address>0xad3b</run_address>
         <size>0x353</size>
         <input_file_ref idref="fl-10"/>
      </object_component>
      <object_component id="oc-14e">
         <name>.debug_info</name>
         <load_address>0xb08e</load_address>
         <run_address>0xb08e</run_address>
         <size>0x44a</size>
         <input_file_ref idref="fl-10"/>
      </object_component>
      <object_component id="oc-f0">
         <name>.debug_info</name>
         <load_address>0xb4d8</load_address>
         <run_address>0xb4d8</run_address>
         <size>0xf0d</size>
         <input_file_ref idref="fl-11"/>
      </object_component>
      <object_component id="oc-224">
         <name>.debug_info</name>
         <load_address>0xc3e5</load_address>
         <run_address>0xc3e5</run_address>
         <size>0xe7</size>
         <input_file_ref idref="fl-11"/>
      </object_component>
      <object_component id="oc-1df">
         <name>.debug_info</name>
         <load_address>0xc4cc</load_address>
         <run_address>0xc4cc</run_address>
         <size>0x495</size>
         <input_file_ref idref="fl-11"/>
      </object_component>
      <object_component id="oc-262">
         <name>.debug_info</name>
         <load_address>0xc961</load_address>
         <run_address>0xc961</run_address>
         <size>0xd0</size>
         <input_file_ref idref="fl-11"/>
      </object_component>
      <object_component id="oc-221">
         <name>.debug_info</name>
         <load_address>0xca31</load_address>
         <run_address>0xca31</run_address>
         <size>0xcf</size>
         <input_file_ref idref="fl-11"/>
      </object_component>
      <object_component id="oc-1e5">
         <name>.debug_info</name>
         <load_address>0xcb00</load_address>
         <run_address>0xcb00</run_address>
         <size>0xd5</size>
         <input_file_ref idref="fl-11"/>
      </object_component>
      <object_component id="oc-1ea">
         <name>.debug_info</name>
         <load_address>0xcbd5</load_address>
         <run_address>0xcbd5</run_address>
         <size>0xdf</size>
         <input_file_ref idref="fl-11"/>
      </object_component>
      <object_component id="oc-255">
         <name>.debug_info</name>
         <load_address>0xccb4</load_address>
         <run_address>0xccb4</run_address>
         <size>0xcc</size>
         <input_file_ref idref="fl-11"/>
      </object_component>
      <object_component id="oc-252">
         <name>.debug_info</name>
         <load_address>0xcd80</load_address>
         <run_address>0xcd80</run_address>
         <size>0xd6</size>
         <input_file_ref idref="fl-11"/>
      </object_component>
      <object_component id="oc-21e">
         <name>.debug_info</name>
         <load_address>0xce56</load_address>
         <run_address>0xce56</run_address>
         <size>0xd3</size>
         <input_file_ref idref="fl-11"/>
      </object_component>
      <object_component id="oc-12c">
         <name>.debug_info</name>
         <load_address>0xcf29</load_address>
         <run_address>0xcf29</run_address>
         <size>0x1834</size>
         <input_file_ref idref="fl-11"/>
      </object_component>
      <object_component id="oc-1bd">
         <name>.debug_info</name>
         <load_address>0xe75d</load_address>
         <run_address>0xe75d</run_address>
         <size>0x115</size>
         <input_file_ref idref="fl-11"/>
      </object_component>
      <object_component id="oc-177">
         <name>.debug_info</name>
         <load_address>0xe872</load_address>
         <run_address>0xe872</run_address>
         <size>0x476</size>
         <input_file_ref idref="fl-11"/>
      </object_component>
      <object_component id="oc-1b8">
         <name>.debug_info</name>
         <load_address>0xece8</load_address>
         <run_address>0xece8</run_address>
         <size>0x8b</size>
         <input_file_ref idref="fl-11"/>
      </object_component>
      <object_component id="oc-16d">
         <name>.debug_info</name>
         <load_address>0xed73</load_address>
         <run_address>0xed73</run_address>
         <size>0x53</size>
         <input_file_ref idref="fl-11"/>
      </object_component>
      <object_component id="oc-23f">
         <name>.debug_info</name>
         <load_address>0xedc6</load_address>
         <run_address>0xedc6</run_address>
         <size>0x18f</size>
         <input_file_ref idref="fl-12"/>
      </object_component>
      <object_component id="oc-a8">
         <name>.debug_info</name>
         <load_address>0xef55</load_address>
         <run_address>0xef55</run_address>
         <size>0x423</size>
         <input_file_ref idref="fl-13"/>
      </object_component>
      <object_component id="oc-9b">
         <name>.debug_info</name>
         <load_address>0xf378</load_address>
         <run_address>0xf378</run_address>
         <size>0x147</size>
         <input_file_ref idref="fl-13"/>
      </object_component>
      <object_component id="oc-a5">
         <name>.debug_info</name>
         <load_address>0xf4bf</load_address>
         <run_address>0xf4bf</run_address>
         <size>0x152</size>
         <input_file_ref idref="fl-13"/>
      </object_component>
      <object_component id="oc-33">
         <name>.debug_info</name>
         <load_address>0xf611</load_address>
         <run_address>0xf611</run_address>
         <size>0x635</size>
         <input_file_ref idref="fl-13"/>
      </object_component>
      <object_component id="oc-2e">
         <name>.debug_info</name>
         <load_address>0xfc46</load_address>
         <run_address>0xfc46</run_address>
         <size>0x234</size>
         <input_file_ref idref="fl-14"/>
      </object_component>
      <object_component id="oc-13f">
         <name>.debug_info</name>
         <load_address>0xfe7a</load_address>
         <run_address>0xfe7a</run_address>
         <size>0x772</size>
         <input_file_ref idref="fl-16"/>
      </object_component>
      <object_component id="oc-98">
         <name>.debug_info</name>
         <load_address>0x105ec</load_address>
         <run_address>0x105ec</run_address>
         <size>0x341</size>
         <input_file_ref idref="fl-16"/>
      </object_component>
      <object_component id="oc-154">
         <name>.debug_info</name>
         <load_address>0x1092d</load_address>
         <run_address>0x1092d</run_address>
         <size>0xe8</size>
         <input_file_ref idref="fl-16"/>
      </object_component>
      <object_component id="oc-163">
         <name>.debug_info</name>
         <load_address>0x10a15</load_address>
         <run_address>0x10a15</run_address>
         <size>0xe8</size>
         <input_file_ref idref="fl-16"/>
      </object_component>
      <object_component id="oc-166">
         <name>.debug_info</name>
         <load_address>0x10afd</load_address>
         <run_address>0x10afd</run_address>
         <size>0xe8</size>
         <input_file_ref idref="fl-16"/>
      </object_component>
      <object_component id="oc-15a">
         <name>.debug_info</name>
         <load_address>0x10be5</load_address>
         <run_address>0x10be5</run_address>
         <size>0x12b</size>
         <input_file_ref idref="fl-16"/>
      </object_component>
      <object_component id="oc-160">
         <name>.debug_info</name>
         <load_address>0x10d10</load_address>
         <run_address>0x10d10</run_address>
         <size>0xe8</size>
         <input_file_ref idref="fl-16"/>
      </object_component>
      <object_component id="oc-157">
         <name>.debug_info</name>
         <load_address>0x10df8</load_address>
         <run_address>0x10df8</run_address>
         <size>0xf6</size>
         <input_file_ref idref="fl-16"/>
      </object_component>
      <object_component id="oc-15d">
         <name>.debug_info</name>
         <load_address>0x10eee</load_address>
         <run_address>0x10eee</run_address>
         <size>0xea</size>
         <input_file_ref idref="fl-16"/>
      </object_component>
      <object_component id="oc-9e">
         <name>.debug_info</name>
         <load_address>0x10fd8</load_address>
         <run_address>0x10fd8</run_address>
         <size>0x482e</size>
         <input_file_ref idref="fl-16"/>
      </object_component>
      <object_component id="oc-2af">
         <name>.debug_info</name>
         <load_address>0x15806</load_address>
         <run_address>0x15806</run_address>
         <size>0x4f</size>
         <input_file_ref idref="fl-16"/>
      </object_component>
      <object_component id="oc-2b4">
         <name>.debug_info</name>
         <load_address>0x15855</load_address>
         <run_address>0x15855</run_address>
         <size>0x150</size>
         <input_file_ref idref="fl-16"/>
      </object_component>
      <object_component id="oc-58">
         <name>.debug_info</name>
         <load_address>0x159a5</load_address>
         <run_address>0x159a5</run_address>
         <size>0x3da</size>
         <input_file_ref idref="fl-18"/>
      </object_component>
      <object_component id="oc-13">
         <name>.debug_info</name>
         <load_address>0x15d7f</load_address>
         <run_address>0x15d7f</run_address>
         <size>0xf1</size>
         <input_file_ref idref="fl-18"/>
      </object_component>
      <object_component id="oc-28">
         <name>.debug_info</name>
         <load_address>0x15e70</load_address>
         <run_address>0x15e70</run_address>
         <size>0x26d</size>
         <input_file_ref idref="fl-18"/>
      </object_component>
      <object_component id="oc-cc">
         <name>.debug_info</name>
         <load_address>0x160dd</load_address>
         <run_address>0x160dd</run_address>
         <size>0x28d</size>
         <input_file_ref idref="fl-19"/>
      </object_component>
      <object_component id="oc-c9">
         <name>.debug_info</name>
         <load_address>0x1636a</load_address>
         <run_address>0x1636a</run_address>
         <size>0xd3</size>
         <input_file_ref idref="fl-19"/>
      </object_component>
      <object_component id="oc-4b">
         <name>.debug_info</name>
         <load_address>0x1643d</load_address>
         <run_address>0x1643d</run_address>
         <size>0x3a5</size>
         <input_file_ref idref="fl-19"/>
      </object_component>
      <object_component id="oc-3ab">
         <name>.debug_info</name>
         <load_address>0x167e2</load_address>
         <run_address>0x167e2</run_address>
         <size>0x2ae</size>
         <input_file_ref idref="fl-d3"/>
      </object_component>
      <object_component id="oc-30c">
         <name>.debug_info</name>
         <load_address>0x16a90</load_address>
         <run_address>0x16a90</run_address>
         <size>0x247</size>
         <input_file_ref idref="fl-d3"/>
      </object_component>
      <object_component id="oc-3fd">
         <name>.debug_info</name>
         <load_address>0x16cd7</load_address>
         <run_address>0x16cd7</run_address>
         <size>0x46</size>
         <input_file_ref idref="fl-d3"/>
      </object_component>
      <object_component id="oc-395">
         <name>.debug_info</name>
         <load_address>0x16d1d</load_address>
         <run_address>0x16d1d</run_address>
         <size>0x39</size>
         <input_file_ref idref="fl-d3"/>
      </object_component>
      <object_component id="oc-3a3">
         <name>.debug_info</name>
         <load_address>0x16d56</load_address>
         <run_address>0x16d56</run_address>
         <size>0x2ca</size>
         <input_file_ref idref="fl-d4"/>
      </object_component>
      <object_component id="oc-309">
         <name>.debug_info</name>
         <load_address>0x17020</load_address>
         <run_address>0x17020</run_address>
         <size>0x24e</size>
         <input_file_ref idref="fl-d4"/>
      </object_component>
      <object_component id="oc-441">
         <name>.debug_info</name>
         <load_address>0x1726e</load_address>
         <run_address>0x1726e</run_address>
         <size>0x2f7</size>
         <input_file_ref idref="fl-d5"/>
      </object_component>
      <object_component id="oc-40c">
         <name>.debug_info</name>
         <load_address>0x17565</load_address>
         <run_address>0x17565</run_address>
         <size>0x131</size>
         <input_file_ref idref="fl-d5"/>
      </object_component>
      <object_component id="oc-3a5">
         <name>.debug_info</name>
         <load_address>0x17696</load_address>
         <run_address>0x17696</run_address>
         <size>0x4ac</size>
         <input_file_ref idref="fl-d5"/>
      </object_component>
      <object_component id="oc-39b">
         <name>.debug_info</name>
         <load_address>0x17b42</load_address>
         <run_address>0x17b42</run_address>
         <size>0x366</size>
         <input_file_ref idref="fl-d6"/>
      </object_component>
      <object_component id="oc-300">
         <name>.debug_info</name>
         <load_address>0x17ea8</load_address>
         <run_address>0x17ea8</run_address>
         <size>0x79b</size>
         <input_file_ref idref="fl-d6"/>
      </object_component>
      <object_component id="oc-394">
         <name>.debug_info</name>
         <load_address>0x18643</load_address>
         <run_address>0x18643</run_address>
         <size>0x366</size>
         <input_file_ref idref="fl-d7"/>
      </object_component>
      <object_component id="oc-2fd">
         <name>.debug_info</name>
         <load_address>0x189a9</load_address>
         <run_address>0x189a9</run_address>
         <size>0x796</size>
         <input_file_ref idref="fl-d7"/>
      </object_component>
      <object_component id="oc-f4">
         <name>.debug_info</name>
         <load_address>0x1913f</load_address>
         <run_address>0x1913f</run_address>
         <size>0x147</size>
         <input_file_ref idref="fl-d8"/>
      </object_component>
      <object_component id="oc-20e">
         <name>.debug_info</name>
         <load_address>0x19286</load_address>
         <run_address>0x19286</run_address>
         <size>0x14c</size>
         <input_file_ref idref="fl-d9"/>
      </object_component>
      <object_component id="oc-205">
         <name>.debug_info</name>
         <load_address>0x193d2</load_address>
         <run_address>0x193d2</run_address>
         <size>0x128</size>
         <input_file_ref idref="fl-da"/>
      </object_component>
      <object_component id="oc-213">
         <name>.debug_info</name>
         <load_address>0x194fa</load_address>
         <run_address>0x194fa</run_address>
         <size>0x12a</size>
         <input_file_ref idref="fl-da"/>
      </object_component>
      <object_component id="oc-1fa">
         <name>.debug_info</name>
         <load_address>0x19624</load_address>
         <run_address>0x19624</run_address>
         <size>0x13a</size>
         <input_file_ref idref="fl-db"/>
      </object_component>
      <object_component id="oc-25a">
         <name>.debug_info</name>
         <load_address>0x1975e</load_address>
         <run_address>0x1975e</run_address>
         <size>0x13a</size>
         <input_file_ref idref="fl-dc"/>
      </object_component>
      <object_component id="oc-25d">
         <name>.debug_info</name>
         <load_address>0x19898</load_address>
         <run_address>0x19898</run_address>
         <size>0x12e</size>
         <input_file_ref idref="fl-dd"/>
      </object_component>
      <object_component id="oc-24c">
         <name>.debug_info</name>
         <load_address>0x199c6</load_address>
         <run_address>0x199c6</run_address>
         <size>0x139</size>
         <input_file_ref idref="fl-de"/>
      </object_component>
      <object_component id="oc-338">
         <name>.debug_info</name>
         <load_address>0x19aff</load_address>
         <run_address>0x19aff</run_address>
         <size>0x12c</size>
         <input_file_ref idref="fl-df"/>
      </object_component>
      <object_component id="oc-265">
         <name>.debug_info</name>
         <load_address>0x19c2b</load_address>
         <run_address>0x19c2b</run_address>
         <size>0x12c</size>
         <input_file_ref idref="fl-e0"/>
      </object_component>
      <object_component id="oc-65">
         <name>.debug_info</name>
         <load_address>0x19d57</load_address>
         <run_address>0x19d57</run_address>
         <size>0x119</size>
         <input_file_ref idref="fl-e1"/>
      </object_component>
      <object_component id="oc-209">
         <name>.debug_info</name>
         <load_address>0x19e70</load_address>
         <run_address>0x19e70</run_address>
         <size>0x12e</size>
         <input_file_ref idref="fl-e2"/>
      </object_component>
      <object_component id="oc-123">
         <name>.debug_info</name>
         <load_address>0x19f9e</load_address>
         <run_address>0x19f9e</run_address>
         <size>0x2d4</size>
         <input_file_ref idref="fl-e3"/>
      </object_component>
      <object_component id="oc-77">
         <name>.debug_info</name>
         <load_address>0x1a272</load_address>
         <run_address>0x1a272</run_address>
         <size>0x1b5</size>
         <input_file_ref idref="fl-e3"/>
      </object_component>
      <object_component id="oc-11e">
         <name>.debug_info</name>
         <load_address>0x1a427</load_address>
         <run_address>0x1a427</run_address>
         <size>0x46</size>
         <input_file_ref idref="fl-e3"/>
      </object_component>
      <object_component id="oc-6f">
         <name>.debug_info</name>
         <load_address>0x1a46d</load_address>
         <run_address>0x1a46d</run_address>
         <size>0x2a8</size>
         <input_file_ref idref="fl-e4"/>
      </object_component>
      <object_component id="oc-1c">
         <name>.debug_info</name>
         <load_address>0x1a715</load_address>
         <run_address>0x1a715</run_address>
         <size>0x1ea</size>
         <input_file_ref idref="fl-e4"/>
      </object_component>
      <object_component id="oc-6a">
         <name>.debug_info</name>
         <load_address>0x1a8ff</load_address>
         <run_address>0x1a8ff</run_address>
         <size>0x46</size>
         <input_file_ref idref="fl-e4"/>
      </object_component>
      <object_component id="oc-116">
         <name>.debug_info</name>
         <load_address>0x1a945</load_address>
         <run_address>0x1a945</run_address>
         <size>0x2c</size>
         <input_file_ref idref="fl-e4"/>
      </object_component>
      <object_component id="oc-114">
         <name>.debug_info</name>
         <load_address>0x1a971</load_address>
         <run_address>0x1a971</run_address>
         <size>0x29e</size>
         <input_file_ref idref="fl-e5"/>
      </object_component>
      <object_component id="oc-16">
         <name>.debug_info</name>
         <load_address>0x1ac0f</load_address>
         <run_address>0x1ac0f</run_address>
         <size>0x250</size>
         <input_file_ref idref="fl-e5"/>
      </object_component>
      <object_component id="oc-5a">
         <name>.debug_info</name>
         <load_address>0x1ae5f</load_address>
         <run_address>0x1ae5f</run_address>
         <size>0x60</size>
         <input_file_ref idref="fl-e5"/>
      </object_component>
      <object_component id="oc-1ce">
         <name>.debug_info</name>
         <load_address>0x1aebf</load_address>
         <run_address>0x1aebf</run_address>
         <size>0x46</size>
         <input_file_ref idref="fl-e5"/>
      </object_component>
      <object_component id="oc-10f">
         <name>.debug_info</name>
         <load_address>0x1af05</load_address>
         <run_address>0x1af05</run_address>
         <size>0x39</size>
         <input_file_ref idref="fl-e5"/>
      </object_component>
      <object_component id="oc-322">
         <name>.debug_info</name>
         <load_address>0x1af3e</load_address>
         <run_address>0x1af3e</run_address>
         <size>0x2c5</size>
         <input_file_ref idref="fl-e6"/>
      </object_component>
      <object_component id="oc-1f3">
         <name>.debug_info</name>
         <load_address>0x1b203</load_address>
         <run_address>0x1b203</run_address>
         <size>0x149</size>
         <input_file_ref idref="fl-e6"/>
      </object_component>
      <object_component id="oc-1c7">
         <name>.debug_info</name>
         <load_address>0x1b34c</load_address>
         <run_address>0x1b34c</run_address>
         <size>0x2b9</size>
         <input_file_ref idref="fl-e7"/>
      </object_component>
      <object_component id="oc-f8">
         <name>.debug_info</name>
         <load_address>0x1b605</load_address>
         <run_address>0x1b605</run_address>
         <size>0x17c</size>
         <input_file_ref idref="fl-e7"/>
      </object_component>
      <object_component id="oc-2ec">
         <name>.debug_info</name>
         <load_address>0x1b781</load_address>
         <run_address>0x1b781</run_address>
         <size>0xf9</size>
         <input_file_ref idref="fl-e8"/>
      </object_component>
      <object_component id="oc-1c4">
         <name>.debug_info</name>
         <load_address>0x1b87a</load_address>
         <run_address>0x1b87a</run_address>
         <size>0x105</size>
         <input_file_ref idref="fl-e8"/>
      </object_component>
      <object_component id="oc-1a0">
         <name>.debug_info</name>
         <load_address>0x1b97f</load_address>
         <run_address>0x1b97f</run_address>
         <size>0x2a4</size>
         <input_file_ref idref="fl-e9"/>
[...]
         <name>xPortPendSVHandler</name>
         <value>0x97b1</value>
         <object_component_ref idref="oc-2d"/>
      </symbol>
      <symbol id="sm-739">
         <name>vPortSVCHandler</name>
         <value>0x9811</value>
         <object_component_ref idref="oc-2d"/>
      </symbol>
      <symbol id="sm-936">
         <name>vTaskDelay</name>
         <value>0x2137</value>
         <object_component_ref idref="oc-9d"/>
      </symbol>
      <symbol id="sm-937">
         <name>vTaskSuspendAll</name>
         <value>0x25f1</value>
         <object_component_ref idref="oc-9d"/>
      </symbol>
      <symbol id="sm-938">
         <name>vTaskPriorityInherit</name>
         <value>0x3159</value>
         <object_component_ref idref="oc-9d"/>
      </symbol>
      <symbol id="sm-939">
         <name>vTaskPlaceOnEventList</name>
         <value>0x2bbb</value>
         <object_component_ref idref="oc-9d"/>
      </symbol>
      <symbol id="sm-93a">
         <name>vTaskSetTaskNumber</name>
         <value>0x2e0d</value>
         <object_component_ref idref="oc-9d"/>
      </symbol>
      <symbol id="sm-93b">
         <name>uxTaskPriorityGetFromISR</name>
         <value>0x2235</value>
         <object_component_ref idref="oc-9d"/>
      </symbol>
      <symbol id="sm-93c">
         <name>ulTaskNotifyTake</name>
         <value>0x32ab</value>
         <object_component_ref idref="oc-9d"/>
      </symbol>
      <symbol id="sm-93d">
         <name>pcTaskGetName</name>
         <value>0x2739</value>
         <object_component_ref idref="oc-9d"/>
      </symbol>
      <symbol id="sm-93e">
         <name>xTaskCheckForTimeOut</name>
         <value>0x2d3f</value>
         <object_component_ref idref="oc-9d"/>
      </symbol>
      <symbol id="sm-93f">
         <name>xTaskRemoveFromUnorderedEventList</name>
         <value>0x2ca1</value>
         <object_component_ref idref="oc-9d"/>
      </symbol>
      <symbol id="sm-940">
         <name>vTaskPrioritySet</name>
         <value>0x2289</value>
         <object_component_ref idref="oc-9d"/>
      </symbol>
      <symbol id="sm-941">
         <name>xTaskPriorityDisinherit</name>
         <value>0x31f3</value>
         <object_component_ref idref="oc-9d"/>
      </symbol>
      <symbol id="sm-942">
         <name>xTaskAbortDelay</name>
         <value>0x299d</value>
         <object_component_ref idref="oc-9d"/>
      </symbol>
      <symbol id="sm-943">
         <name>vTaskStartScheduler</name>
         <value>0x2581</value>
         <object_component_ref idref="oc-9d"/>
      </symbol>
      <symbol id="sm-944">
         <name>xTaskNotifyStateClear</name>
         <value>0x36a3</value>
         <object_component_ref idref="oc-9d"/>
      </symbol>
      <symbol id="sm-945">
         <name>pvTaskIncrementMutexHeldCount</name>
         <value>0x3293</value>
         <object_component_ref idref="oc-9d"/>
      </symbol>
      <symbol id="sm-946">
         <name>uxTaskGetStackHighWaterMark</name>
         <value>0x3085</value>
         <object_component_ref idref="oc-9d"/>
      </symbol>
      <symbol id="sm-947">
         <name>xTaskGenericNotify</name>
         <value>0x33e9</value>
         <object_component_ref idref="oc-9d"/>
      </symbol>
      <symbol id="sm-948">
         <name>xTaskCreate</name>
         <value>0x1df9</value>
         <object_component_ref idref="oc-9d"/>
      </symbol>
      <symbol id="sm-949">
         <name>vTaskDelayUntil</name>
         <value>0x2089</value>
         <object_component_ref idref="oc-9d"/>
      </symbol>
      <symbol id="sm-94a">
         <name>uxTaskGetTaskNumber</name>
         <value>0x2ded</value>
         <object_component_ref idref="oc-9d"/>
      </symbol>
      <symbol id="sm-94b">
         <name>vTaskEndScheduler</name>
         <value>0x25d1</value>
         <object_component_ref idref="oc-9d"/>
      </symbol>
      <symbol id="sm-94c">
         <name>xTaskNotifyWait</name>
         <value>0x3331</value>
         <object_component_ref idref="oc-9d"/>
      </symbol>
      <symbol id="sm-94d">
         <name>vTaskMissedYield</name>
         <value>0x2de5</value>
         <object_component_ref idref="oc-9d"/>
      </symbol>
      <symbol id="sm-94e">
         <name>uxTaskGetNumberOfTasks</name>
         <value>0x2733</value>
         <object_component_ref idref="oc-9d"/>
      </symbol>
      <symbol id="sm-94f">
         <name>xTaskGenericNotifyFromISR</name>
         <value>0x34d5</value>
         <object_component_ref idref="oc-9d"/>
      </symbol>
      <symbol id="sm-950">
         <name>vTaskGetInfo</name>
         <value>0x2f01</value>
         <object_component_ref idref="oc-9d"/>
      </symbol>
      <symbol id="sm-951">
         <name>uxTaskPriorityGet</name>
         <value>0x2205</value>
         <object_component_ref idref="oc-9d"/>
      </symbol>
      <symbol id="sm-952">
         <name>xTaskResumeAll</name>
         <value>0x2605</value>
         <object_component_ref idref="oc-9d"/>
      </symbol>
      <symbol id="sm-953">
         <name>xTaskGetHandle</name>
         <value>0x2831</value>
         <object_component_ref idref="oc-9d"/>
      </symbol>
      <symbol id="sm-954">
         <name>xTaskGetTickCount</name>
         <value>0x26ed</value>
         <object_component_ref idref="oc-9d"/>
      </symbol>
      <symbol id="sm-955">
         <name>uxTaskGetSystemState</name>
         <value>0x28b9</value>
         <object_component_ref idref="oc-9d"/>
      </symbol>
      <symbol id="sm-956">
         <name>vTaskDelete</name>
         <value>0x1ffd</value>
         <object_component_ref idref="oc-9d"/>
      </symbol>
      <symbol id="sm-957">
         <name>pxCurrentTCB</name>
         <value>0x20006554</value>
         <object_component_ref idref="oc-97"/>
      </symbol>
      <symbol id="sm-958">
         <name>vTaskNotifyGiveFromISR</name>
         <value>0x35ed</value>
         <object_component_ref idref="oc-9d"/>
      </symbol>
      <symbol id="sm-959">
         <name>eTaskGetState</name>
         <value>0x2175</value>
         <object_component_ref idref="oc-9d"/>
      </symbol>
      <symbol id="sm-95a">
         <name>vTaskSuspend</name>
         <value>0x238d</value>
         <object_component_ref idref="oc-9d"/>
      </symbol>
      <symbol id="sm-95b">
         <name>xTaskGetIdleTaskHandle</name>
         <value>0x2991</value>
         <object_component_ref idref="oc-9d"/>
      </symbol>
      <symbol id="sm-95c">
         <name>xTaskGetTickCountFromISR</name>
         <value>0x2705</value>
         <object_component_ref idref="oc-9d"/>
      </symbol>
      <symbol id="sm-95d">
         <name>vTaskResume</name>
         <value>0x246b</value>
         <object_component_ref idref="oc-9d"/>
      </symbol>
      <symbol id="sm-95e">
         <name>vTaskSetTimeOutState</name>
         <value>0x2d25</value>
         <object_component_ref idref="oc-9d"/>
      </symbol>
      <symbol id="sm-95f">
         <name>xTaskIncrementTick</name>
         <value>0x2a23</value>
         <object_component_ref idref="oc-9d"/>
      </symbol>
      <symbol id="sm-960">
         <name>vTaskSwitchContext</name>
         <value>0x2b35</value>
         <object_component_ref idref="oc-9d"/>
      </symbol>
      <symbol id="sm-961">
         <name>uxTaskResetEventItemValue</name>
         <value>0x326d</value>
         <object_component_ref idref="oc-9d"/>
      </symbol>
      <symbol id="sm-962">
         <name>xTaskGetSchedulerState</name>
         <value>0x3129</value>
         <object_component_ref idref="oc-9d"/>
      </symbol>
      <symbol id="sm-963">
         <name>xTaskResumeFromISR</name>
         <value>0x24ed</value>
         <object_component_ref idref="oc-9d"/>
      </symbol>
      <symbol id="sm-964">
         <name>xTaskGetCurrentTaskHandle</name>
         <value>0x30fb</value>
         <object_component_ref idref="oc-9d"/>
      </symbol>
      <symbol id="sm-965">
         <name>vTaskPlaceOnUnorderedEventList</name>
         <value>0x2bdb</value>
         <object_component_ref idref="oc-9d"/>
      </symbol>
      <symbol id="sm-966">
         <name>xTaskRemoveFromEventList</name>
         <value>0x2c11</value>
         <object_component_ref idref="oc-9d"/>
      </symbol>
      <symbol id="sm-983">
         <name>ResetISR</name>
         <value>0x9f4f</value>
         <object_component_ref idref="oc-27"/>
      </symbol>
      <symbol id="sm-984">
         <name>g_pfnVectors</name>
         <value>0x0</value>
         <object_component_ref idref="oc-12"/>
      </symbol>
      <symbol id="sm-9b1">
         <name>uart2_init</name>
         <value>0x906f</value>
         <object_component_ref idref="oc-4a"/>
      </symbol>
      <symbol id="sm-9b2">
         <name>UART2_InChar</name>
         <value>0x90e1</value>
         <object_component_ref idref="oc-4a"/>
      </symbol>
      <symbol id="sm-9b3">
         <name>UART2_interrupt_disable</name>
         <value>0x904f</value>
         <object_component_ref idref="oc-4a"/>
      </symbol>
      <symbol id="sm-9b4">
         <name>UART2_OutString</name>
         <value>0x9111</value>
         <object_component_ref idref="oc-4a"/>
      </symbol>
      <symbol id="sm-9b5">
         <name>UART2_Handler</name>
         <value>0x9065</value>
         <object_component_ref idref="oc-4a"/>
      </symbol>
      <symbol id="sm-9b6">
         <name>UART2_interrupt_enable</name>
         <value>0x9039</value>
         <object_component_ref idref="oc-4a"/>
      </symbol>
      <symbol id="sm-9b7">
         <name>UART2_OutChar</name>
         <value>0x90f5</value>
         <object_component_ref idref="oc-4a"/>
      </symbol>
      <symbol id="sm-9f9">
         <name>atan2</name>
         <value>0x8101</value>
         <object_component_ref idref="oc-30b"/>
      </symbol>
      <symbol id="sm-9fa">
         <name>atan2l</name>
         <value>0x8101</value>
         <object_component_ref idref="oc-30b"/>
      </symbol>
      <symbol id="sm-a1c">
         <name>sqrtl</name>
         <value>0x8c5d</value>
         <object_component_ref idref="oc-305"/>
      </symbol>
      <symbol id="sm-a1d">
         <name>sqrt</name>
         <value>0x8c5d</value>
         <object_component_ref idref="oc-305"/>
      </symbol>
      <symbol id="sm-a53">
         <name>atanl</name>
         <value>0x7c01</value>
         <object_component_ref idref="oc-3a4"/>
      </symbol>
      <symbol id="sm-a54">
         <name>atan</name>
         <value>0x7c01</value>
         <object_component_ref idref="oc-3a4"/>
      </symbol>
      <symbol id="sm-aa5">
         <name>cosl</name>
         <value>0x62ed</value>
         <object_component_ref idref="oc-2ff"/>
      </symbol>
      <symbol id="sm-aa6">
         <name>cos</name>
         <value>0x62ed</value>
         <object_component_ref idref="oc-2ff"/>
      </symbol>
      <symbol id="sm-af2">
         <name>sin</name>
         <value>0x68c9</value>
         <object_component_ref idref="oc-2f9"/>
      </symbol>
      <symbol id="sm-af3">
         <name>sinl</name>
         <value>0x68c9</value>
         <object_component_ref idref="oc-2f9"/>
      </symbol>
      <symbol id="sm-b02">
         <name>__aeabi_memset</name>
         <value>0x9bf3</value>
         <object_component_ref idref="oc-f2"/>
      </symbol>
      <symbol id="sm-b03">
         <name>memset</name>
         <value>0x9bf9</value>
         <object_component_ref idref="oc-f2"/>
      </symbol>
      <symbol id="sm-b04">
         <name>__aeabi_memset8</name>
         <value>0x9bf3</value>
         <object_component_ref idref="oc-f2"/>
      </symbol>
      <symbol id="sm-b05">
         <name>__aeabi_memset4</name>
         <value>0x9bf3</value>
         <object_component_ref idref="oc-f2"/>
      </symbol>
      <symbol id="sm-b06">
         <name>__aeabi_memclr8</name>
         <value>0x9bf1</value>
         <object_component_ref idref="oc-f2"/>
      </symbol>
      <symbol id="sm-b07">
         <name>__aeabi_memclr4</name>
         <value>0x9bf1</value>
         <object_component_ref idref="oc-f2"/>
      </symbol>
      <symbol id="sm-b08">
         <name>__aeabi_memclr</name>
         <value>0x9bf1</value>
         <object_component_ref idref="oc-f2"/>
      </symbol>
      <symbol id="sm-b1f">
         <name>__aeabi_dsub</name>
         <value>0x8649</value>
         <object_component_ref idref="oc-20d"/>
      </symbol>
      <symbol id="sm-b20">
         <name>__aeabi_dadd</name>
         <value>0x8653</value>
         <object_component_ref idref="oc-20d"/>
      </symbol>
      <symbol id="sm-b42">
         <name>__aeabi_cdcmpeq</name>
         <value>0x9a69</value>
         <object_component_ref idref="oc-203"/>
      </symbol>
      <symbol id="sm-b43">
         <name>__aeabi_cdcmple</name>
         <value>0x9a69</value>
         <object_component_ref idref="oc-203"/>
      </symbol>
      <symbol id="sm-b44">
         <name>__aeabi_cdrcmple</name>
         <value>0x9aef</value>
         <object_component_ref idref="oc-212"/>
      </symbol>
      <symbol id="sm-b58">
         <name>__aeabi_ddiv</name>
         <value>0x8f01</value>
         <object_component_ref idref="oc-1f8"/>
      </symbol>
      <symbol id="sm-b63">
         <name>__aeabi_dmul</name>
         <value>0x94b9</value>
         <object_component_ref idref="oc-257"/>
      </symbol>
      <symbol id="sm-b6d">
         <name>__aeabi_d2iz</name>
         <value>0x9d21</value>
         <object_component_ref idref="oc-25c"/>
      </symbol>
      <symbol id="sm-b77">
         <name>__aeabi_d2uiz</name>
         <value>0x9dad</value>
         <object_component_ref idref="oc-24b"/>
      </symbol>
      <symbol id="sm-b82">
         <name>__aeabi_f2d</name>
         <value>0x9df1</value>
         <object_component_ref idref="oc-337"/>
      </symbol>
      <symbol id="sm-b8c">
         <name>__aeabi_i2d</name>
         <value>0x9e5d</value>
         <object_component_ref idref="oc-264"/>
      </symbol>
      <symbol id="sm-ba7">
         <name>memcpy</name>
         <value>0x99cd</value>
         <object_component_ref idref="oc-64"/>
      </symbol>
      <symbol id="sm-ba8">
         <name>__aeabi_memcpy</name>
         <value>0x99cd</value>
         <object_component_ref idref="oc-64"/>
      </symbol>
      <symbol id="sm-ba9">
         <name>__aeabi_memcpy8</name>
         <value>0x99cd</value>
         <object_component_ref idref="oc-64"/>
      </symbol>
      <symbol id="sm-baa">
         <name>__aeabi_memcpy4</name>
         <value>0x99cd</value>
         <object_component_ref idref="oc-64"/>
      </symbol>
      <symbol id="sm-bb4">
         <name>__aeabi_ui2d</name>
         <value>0x9e8b</value>
         <object_component_ref idref="oc-208"/>
      </symbol>
      <symbol id="sm-bc6">
         <name>__TI_zero_init</name>
         <value>0x9f43</value>
         <object_component_ref idref="oc-76"/>
      </symbol>
      <symbol id="sm-bdd">
         <name>__TI_decompress_none</name>
         <value>0x9f35</value>
         <object_component_ref idref="oc-1b"/>
      </symbol>
      <symbol id="sm-c00">
         <name>__TI_decompress_lzss</name>
         <value>0x9c6b</value>
         <object_component_ref idref="oc-15"/>
      </symbol>
      <symbol id="sm-c0d">
         <name>atof</name>
         <value>0x9f23</value>
         <object_component_ref idref="oc-1f2"/>
      </symbol>
      <symbol id="sm-c23">
         <name>atoi</name>
         <value>0x9cd5</value>
         <object_component_ref idref="oc-f7"/>
      </symbol>
      <symbol id="sm-c2e">
         <name>_ctypes_</name>
         <value>0xa0c8</value>
         <object_component_ref idref="oc-1c3"/>
      </symbol>
      <symbol id="sm-c3e">
         <name>strcat</name>
         <value>0x9eab</value>
         <object_component_ref idref="oc-e2"/>
      </symbol>
      <symbol id="sm-c4d">
         <name>strcmp</name>
         <value>0x9ee3</value>
         <object_component_ref idref="oc-cd"/>
      </symbol>
      <symbol id="sm-c5b">
         <name>strcpy</name>
         <value>0x9efb</value>
         <object_component_ref idref="oc-226"/>
      </symbol>
      <symbol id="sm-c69">
         <name>strlen</name>
         <value>0x9f0f</value>
         <object_component_ref idref="oc-d9"/>
      </symbol>
      <symbol id="sm-cc9">
         <name>strtold</name>
         <value>0x77a1</value>
         <object_component_ref idref="oc-31b"/>
      </symbol>
      <symbol id="sm-cca">
         <name>strtod</name>
         <value>0x77a1</value>
         <object_component_ref idref="oc-31b"/>
      </symbol>
      <symbol id="sm-d3a">
         <name>__kernel_rem_pio2</name>
         <value>0x5bb5</value>
         <object_component_ref idref="oc-387"/>
      </symbol>
      <symbol id="sm-d50">
         <name>__aeabi_errno_addr</name>
         <value>0x9f5d</value>
         <object_component_ref idref="oc-39c"/>
      </symbol>
      <symbol id="sm-d51">
         <name>errno</name>
         <value>0x200065e4</value>
         <object_component_ref idref="oc-404"/>
      </symbol>
      <symbol id="sm-d64">
         <name>__stack</name>
         <value>0x200065e8</value>
         <object_component_ref idref="oc-24"/>
      </symbol>
      <symbol id="sm-d65">
         <name>_c_int00_noargs</name>
         <value>0x9e29</value>
         <object_component_ref idref="oc-82"/>
      </symbol>
      <symbol id="sm-d7b">
         <name>__kernel_cos</name>
         <value>0x8af1</value>
         <object_component_ref idref="oc-38d"/>
      </symbol>
      <symbol id="sm-d92">
         <name>__kernel_sin</name>
         <value>0x897d</value>
         <object_component_ref idref="oc-381"/>
      </symbol>
      <symbol id="sm-daf">
         <name>floorl</name>
         <value>0x95b5</value>
         <object_component_ref idref="oc-3e8"/>
      </symbol>
      <symbol id="sm-db0">
         <name>floor</name>
         <value>0x95b5</value>
         <object_component_ref idref="oc-3e8"/>
      </symbol>
      <symbol id="sm-dcd">
         <name>scalbn</name>
         <value>0x92a1</value>
         <object_component_ref idref="oc-3ac"/>
      </symbol>
      <symbol id="sm-dce">
         <name>scalbnl</name>
         <value>0x92a1</value>
         <object_component_ref idref="oc-3ac"/>
      </symbol>
      <symbol id="sm-dcf">
         <name>ldexpl</name>
         <value>0x92a1</value>
         <object_component_ref idref="oc-3ac"/>
      </symbol>
      <symbol id="sm-dd0">
         <name>ldexp</name>
         <value>0x92a1</value>
         <object_component_ref idref="oc-3ac"/>
      </symbol>
      <symbol id="sm-df8">
         <name>__TI_auto_init_nobinit_nopinit</name>
         <value>0x9d69</value>
         <object_component_ref idref="oc-276"/>
      </symbol>
      <symbol id="sm-e02">
         <name>_system_pre_init</name>
         <value>0x9f65</value>
         <object_component_ref idref="oc-125"/>
      </symbol>
      <symbol id="sm-e0e">
         <name>C$$EXIT</name>
         <value>0x9f69</value>
         <object_component_ref idref="oc-26a"/>
      </symbol>
      <symbol id="sm-e0f">
         <name>abort</name>
         <value>0x9f69</value>
         <object_component_ref idref="oc-26a"/>
      </symbol>
      <symbol id="sm-e1b">
         <name>copysign</name>
         <value>0x9ec9</value>
         <object_component_ref idref="oc-411"/>
      </symbol>
      <symbol id="sm-e1c">
         <name>copysignl</name>
         <value>0x9ec9</value>
         <object_component_ref idref="oc-411"/>
      </symbol>
      <symbol id="sm-e1d">
         <name>__TI_static_base__</name>
         <value>0x0</value>
      </symbol>
      <symbol id="sm-e20">
         <name>__mpu_init</name>
         <value>0x0</value>
      </symbol>
      <symbol id="sm-e21">
         <name>_system_post_cinit</name>
         <value>0x0</value>
      </symbol>
   </symbol_table>
   <title>Link successful</title>
</link_info>
